Component: ARM Compiler 5.06 update 5 (build 528) Tool: armlink [4d35e2]

==============================================================================

Section Cross References

    crc.o(.text) refers to crc.o(.constdata) for tabel
    encodernavigation.o(.text) refers to fflti.o(.text) for __aeabi_i2f
    encodernavigation.o(.text) refers to fdiv.o(.text) for __aeabi_fdiv
    encodernavigation.o(.text) refers to fmul.o(.text) for __aeabi_fmul
    encodernavigation.o(.text) refers to ffixi.o(.text) for __aeabi_f2iz
    encodernavigation.o(.text) refers to cosf.o(i.cosf) for cosf
    encodernavigation.o(.text) refers to fadd.o(.text) for __aeabi_fsub
    encodernavigation.o(.text) refers to sinf.o(i.sinf) for sinf
    encodernavigation.o(.text) refers to cfrcmple.o(.text) for __aeabi_cfrcmple
    encodernavigation.o(.text) refers to cfcmple.o(.text) for __aeabi_cfcmple
    encodernavigation.o(.text) refers to encodernavigation.o(.bss) for AGVValue
    encodernavigation.o(.text) refers to encodernavigation.o(.data) for currentPoint
    encodernavigation.o(.text) refers to ffixui.o(.text) for __aeabi_f2uiz
    main.o(.text) refers to clock.o(.text) for Init_CLK
    main.o(.text) refers to timer.o(.text) for SYS_Timer_Init
    main.o(.text) refers to io.o(.text) for InitAllIO
    main.o(.text) refers to can.o(.text) for InitAllCAN
    main.o(.text) refers to motor.o(.text) for motor_init
    main.o(.text) refers to nav350.o(.text) for Nav350CommInit
    main.o(.text) refers to encoder.o(.text) for InitAllEncoder
    main.o(.text) refers to encodernavigation.o(.text) for EncoderNavigation
    main.o(.text) refers to lift.o(.text) for Reinit_Hight
    main.o(.text) refers to lib_io.o(.text) for PinBlink
    main.o(.text) refers to retarget_printf.o(.text) for RTT_printf
    system_stm32f10x.o(.text) refers to system_stm32f10x.o(.data) for SystemCoreClock
    clock.o(.text) refers to stm32f10x_rcc.o(.text) for RCC_HSEConfig
    clock.o(.text) refers to retarget_printf.o(.text) for RTT_printf
    clock.o(.text) refers to system_stm32f10x.o(.data) for SystemCoreClock
    clock.o(.text) refers to clock.o(.bss) for RCC_Clocks
    clock.o(.text) refers to timer.o(.data) for sysTick
    iap.o(.text) refers to retarget_printf.o(.text) for RTT_printf
    iap.o(.text) refers to iap.o(.emb_text) for MSR_MSP
    iap.o(.text) refers to iap.o(.data) for jump2iap
    can.o(.text) refers to stm32f10x_rcc.o(.text) for RCC_APB2PeriphClockCmd
    can.o(.text) refers to stm32f10x_gpio.o(.text) for GPIO_PinRemapConfig
    can.o(.text) refers to misc.o(.text) for NVIC_PriorityGroupConfig
    can.o(.text) refers to stm32f10x_can.o(.text) for CAN_DeInit
    can.o(.text) refers to motor.o(.text) for message_save
    can.o(.text) refers to memcpya.o(.text) for __aeabi_memcpy4
    can.o(.text) refers to clock.o(.text) for GetSysTick
    can.o(.text) refers to retarget_printf.o(.text) for RTT_printf
    can.o(.text) refers to crc.o(.text) for GetCrc16
    can.o(.text) refers to can.o(.data) for f_startDownload
    can.o(.text) refers to can.o(.constdata) for .constdata
    io.o(.text) refers to lib_io.o(.text) for Config_IO
    usart.o(.text) refers to memcpya.o(.text) for __aeabi_memcpy4
    usart.o(.text) refers to usart.o(.text) for USART_Config
    usart.o(.text) refers to stm32f10x_usart.o(.text) for USART_GetITStatus
    usart.o(.text) refers to printfa.o(i.__0vsnprintf) for __c89vsnprintf
    usart.o(.text) refers to retarget_printf.o(.text) for RTT_printf
    usart.o(.text) refers to usart.o(.constdata) for .constdata
    usart.o(.text) refers to usart.o(.data) for UART1_Str
    usart.o(.text) refers to usart.o(.bss) for UART1_Recv_Buf
    usart.o(.text) refers to retarget_printf.o(.data) for sw_putchar
    uart3.o(.text) refers to stm32f10x_rcc.o(.text) for RCC_AHBPeriphClockCmd
    uart3.o(.text) refers to stm32f10x_dma.o(.text) for DMA_StructInit
    uart3.o(.text) refers to stm32f10x_usart.o(.text) for USART_DMACmd
    uart3.o(.text) refers to misc.o(.text) for NVIC_Init
    uart3.o(.text) refers to stm32f10x_gpio.o(.text) for GPIO_Init
    uart3.o(.text) refers to memseta.o(.text) for __aeabi_memclr4
    uart3.o(.text) refers to memcpya.o(.text) for __aeabi_memcpy
    uart3.o(.text) refers to uart3.o(.bss) for UART3_DMA_TX
    uart3.o(.text) refers to uart3.o(.data) for UART3_User_Buf_No
    timer.o(.text) refers to stm32f10x_rcc.o(.text) for RCC_GetClocksFreq
    timer.o(.text) refers to memseta.o(.text) for __aeabi_memclr4
    timer.o(.text) refers to timer.o(.bss) for RCC_Clocks
    timer.o(.text) refers to timer.o(.data) for TickCount
    lib_encoder.o(.text) refers to stm32f10x_tim.o(.text) for TIM_DeInit
    lib_encoder.o(.text) refers to stm32f10x_rcc.o(.text) for RCC_APB2PeriphClockCmd
    lib_encoder.o(.text) refers to lib_encoder.o(.data) for timx
    encoder.o(.text) refers to lib_encoder.o(.text) for Encoder_Config
    encoder.o(.text) refers to stm32f10x_tim.o(.text) for TIM_ClearFlag
[...]
    i.__0sprintf$5                           0x08007478   Section        0  printf5.o(i.__0sprintf$5)
    i.__0vsnprintf                           0x080074a0   Section        0  printfa.o(i.__0vsnprintf)
    i.__ARM_fpclassifyf                      0x080074cc   Section        0  fpclassifyf.o(i.__ARM_fpclassifyf)
    i.__aeabi_errno_addr                     0x080074f4   Section        0  errno.o(i.__aeabi_errno_addr)
    i.__mathlib_flt_infnan                   0x080074fc   Section        0  funder.o(i.__mathlib_flt_infnan)
    i.__mathlib_flt_invalid                  0x08007502   Section        0  funder.o(i.__mathlib_flt_invalid)
    i.__mathlib_flt_underflow                0x0800750a   Section        0  funder.o(i.__mathlib_flt_underflow)
    i.__mathlib_rredf2                       0x08007514   Section        0  rredf.o(i.__mathlib_rredf2)
    i.__scatterload_copy                     0x0800767c   Section       14  handlers.o(i.__scatterload_copy)
    i.__scatterload_null                     0x0800768a   Section        2  handlers.o(i.__scatterload_null)
    i.__scatterload_zeroinit                 0x0800768c   Section       14  handlers.o(i.__scatterload_zeroinit)
    i.__set_errno                            0x0800769c   Section        0  errno.o(i.__set_errno)
    i._fp_digits                             0x080076a8   Section        0  printfa.o(i._fp_digits)
    _fp_digits                               0x080076a9   Thumb Code   366  printfa.o(i._fp_digits)
    i._printf_core                           0x0800782c   Section        0  printf5.o(i._printf_core)
    _printf_core                             0x0800782d   Thumb Code   658  printf5.o(i._printf_core)
    i._printf_core                           0x08007aec   Section        0  printfa.o(i._printf_core)
    _printf_core                             0x08007aed   Thumb Code  1744  printfa.o(i._printf_core)
    i._printf_post_padding                   0x080081c8   Section        0  printfa.o(i._printf_post_padding)
    _printf_post_padding                     0x080081c9   Thumb Code    36  printfa.o(i._printf_post_padding)
    i._printf_pre_padding                    0x080081ec   Section        0  printfa.o(i._printf_pre_padding)
    _printf_pre_padding                      0x080081ed   Thumb Code    46  printfa.o(i._printf_pre_padding)
    i._snputc                                0x0800821a   Section        0  printfa.o(i._snputc)
    _snputc                                  0x0800821b   Thumb Code    22  printfa.o(i._snputc)
    i._sputc                                 0x08008230   Section        0  printf5.o(i._sputc)
    _sputc                                   0x08008231   Thumb Code    10  printf5.o(i._sputc)
    i.cosf                                   0x0800823c   Section        0  cosf.o(i.cosf)
    i.sinf                                   0x080083b8   Section        0  sinf.o(i.sinf)
    .constdata                               0x08008540   Section      512  crc.o(.constdata)
    .constdata                               0x08008740   Section       60  can.o(.constdata)
    .constdata                               0x0800877c   Section       48  usart.o(.constdata)
    .constdata                               0x080087ac   Section       32  rredf.o(.constdata)
    twooverpi                                0x080087ac   Data          32  rredf.o(.constdata)
    .constdata                               0x080087cc   Section      129  ctype_o.o(.constdata)
    .constdata                               0x08008850   Section        4  ctype_o.o(.constdata)
    table                                    0x08008850   Data           4  ctype_o.o(.constdata)
    .conststring                             0x08008854   Section        9  segger_rtt.o(.conststring)
    .data                                    0x20000000   Section       44  encodernavigation.o(.data)
    .data                                    0x2000002c   Section       20  system_stm32f10x.o(.data)
    .data                                    0x20000040   Section       68  can.o(.data)
    lastTick                                 0x20000044   Data           4  can.o(.data)
    s                                        0x20000048   Data           4  can.o(.data)
    lastTick                                 0x2000004c   Data           4  can.o(.data)
    s                                        0x20000050   Data           4  can.o(.data)
    lastTick                                 0x20000054   Data           4  can.o(.data)
    s                                        0x20000058   Data           4  can.o(.data)
    lastTick                                 0x2000005c   Data           4  can.o(.data)
    s                                        0x20000060   Data           4  can.o(.data)
    lastTick                                 0x20000064   Data           4  can.o(.data)
    s                                        0x20000068   Data           4  can.o(.data)
    lastTick                                 0x2000006c   Data           4  can.o(.data)
    s                                        0x20000070   Data           4  can.o(.data)
    lastTick                                 0x20000074   Data           4  can.o(.data)
    s                                        0x20000078   Data           4  can.o(.data)
    lastTick                                 0x2000007c   Data           4  can.o(.data)
    s                                        0x20000080   Data           4  can.o(.data)
    .data                                    0x20000084   Section       12  usart.o(.data)
    .data                                    0x20000090   Section       16  uart3.o(.data)
    PeriodicalGetPoseTimerIndex              0x20000090   Data           1  uart3.o(.data)
    .data                                    0x200000a0   Section       16  timer.o(.data)
    Open_Sel                                 0x200000a0   Data           1  timer.o(.data)
    .data                                    0x200000b0   Section      112  lib_encoder.o(.data)
    timx                                     0x200000b0   Data          56  lib_encoder.o(.data)
    rcc                                      0x200000e8   Data          56  lib_encoder.o(.data)
    .data                                    0x20000120   Section       16  encoder.o(.data)
    .data                                    0x20000130   Section      456  nav350.o(.data)
    PeriodicalGetPoseTimerIndex              0x20000130   Data           1  nav350.o(.data)
    WaitNavPowerupTimerIndex                 0x20000144   Data           1  nav350.o(.data)
    WaitNavRespTimerIndex                    0x20000145   Data           1  nav350.o(.data)
    flag                                     0x200002e5   Data           1  nav350.o(.data)
    lastTick                                 0x200002e8   Data           4  nav350.o(.data)
    flag                                     0x200002ec   Data           4  nav350.o(.data)
    lastSysTick                              0x200002f0   Data           4  nav350.o(.data)
    decSysTick                               0x200002f4   Data           4  nav350.o(.data)
    .data                                    0x200002f8   Section        8  lift.o(.data)
    lastTick                                 0x200002f8   Data           4  lift.o(.data)
    lastTick                                 0x200002fc   Data           4  lift.o(.data)
    .data                                    0x20000300   Section       40  motor.o(.data)
    PeriodicalGetPoseTimerIndex              0x20000300   Data           1  motor.o(.data)
    g_lift_info                              0x20000302   Data           4  motor.o(.data)
    LiftTopTouchFlag                         0x20000308   Data           4  motor.o(.data)
    lastData                                 0x2000030d   Data           8  motor.o(.data)
    count                                    0x20000318   Data           4  motor.o(.data)
    limiteError                              0x2000031c   Data           4  motor.o(.data)
    lasttick                                 0x20000320   Data           4  motor.o(.data)
    lastTick                                 0x20000324   Data           4  motor.o(.data)
    .data                                    0x20000328   Section       20  stm32f10x_rcc.o(.data)
    APBAHBPrescTable                         0x20000328   Data          16  stm32f10x_rcc.o(.data)
    ADCPrescTable                            0x20000338   Data           4  stm32f10x_rcc.o(.data)
    .data                                    0x2000033c   Section        6  usart.o(.data)
    .data                                    0x20000344   Section        4  retarget_printf.o(.data)
    .data                                    0x20000348   Section      165  lib_io.o(.data)
    vacancy                                  0x200003ec   Data           1  lib_io.o(.data)
    .data                                    0x200003f0   Section      120  segger_rtt.o(.data)
    _SEGGER_RTT                              0x200003f0   Data         120  segger_rtt.o(.data)
    .data                                    0x20000468   Section        4  stdout.o(.data)
    .data                                    0x2000046c   Section        4  errno.o(.data)
    _errno                                   0x2000046c   Data           4  errno.o(.data)
    .bss                                     0x20000470   Section       28  encodernavigation.o(.bss)
    .bss                                     0x2000048c   Section       20  clock.o(.bss)
    RCC_Clocks                               0x2000048c   Data          20  clock.o(.bss)
    .bss                                     0x200004a0   Section      300  usart.o(.bss)
    .bss                                     0x200005cc   Section      604  uart3.o(.bss)
    .bss                                     0x20000828   Section      440  timer.o(.bss)
    .bss                                     0x200009e0   Section     1675  nav350.o(.bss)
    .bss                                     0x2000106c   Section      368  motor.o(.bss)
    g_msg_queue                              0x200010a4   Data         104  motor.o(.bss)
    g_msg_control                            0x2000110c   Data         104  motor.o(.bss)
    g_msg_button                             0x20001174   Data         104  motor.o(.bss)
    .bss                                     0x200011dc   Section      320  lib_io.o(.bss)
    .bss                                     0x2000131c   Section     1024  segger_rtt.o(.bss)
    _acUpBuffer                              0x2000131c   Data        1024  segger_rtt.o(.bss)
    .bss                                     0x2000171c   Section       16  segger_rtt.o(.bss)
    _acDownBuffer                            0x2000171c   Data          16  segger_rtt.o(.bss)
    STACK                                    0x20001730   Section     1024  startup_stm32f10x_md.o(STACK)

    Global Symbols

    Symbol Name                              Value     Ov Type        Size  Object(Section)

    BuildAttributes$$THM_ISAv4$P$D$K$B$S$PE$A:L22UL41UL21$X:L11$S22US41US21$IEEE1$IW$USESV6$~STKCKD$USESV7$~SHL$OTIME$ROPI$IEEEX$EBA8$MICROLIB$REQ8$PRES8$EABIv2 0x00000000   Number         0  anon$$obj.o ABSOLUTE
    __ARM_use_no_argv                        0x00000000   Number         0  main.o ABSOLUTE
    _printf_a                                0x00000000   Number         0  stubs.o ABSOLUTE
    _printf_c                                0x00000000   Number         0  stubs.o ABSOLUTE
    _printf_charcount                        0x00000000   Number         0  stubs.o ABSOLUTE
    _printf_d                                0x00000000   Number         0  stubs.o ABSOLUTE
    _printf_e                                0x00000000   Number         0  stubs.o ABSOLUTE
    _printf_f                                0x00000000   Number         0  stubs.o ABSOLUTE
    _printf_flags                            0x00000000   Number         0  stubs.o ABSOLUTE
    _printf_fp_dec                           0x00000000   Number         0  stubs.o ABSOLUTE
    _printf_fp_hex                           0x00000000   Number         0  stubs.o ABSOLUTE
    _printf_g                                0x00000000   Number         0  stubs.o ABSOLUTE
    _printf_i                                0x00000000   Number         0  stubs.o ABSOLUTE
    _printf_int_dec                          0x00000000   Number         0  stubs.o ABSOLUTE
    _printf_l                                0x00000000   Number         0  stubs.o ABSOLUTE
    _printf_lc                               0x00000000   Number         0  stubs.o ABSOLUTE
    _printf_ll                               0x00000000   Number         0  stubs.o ABSOLUTE
    _printf_lld                              0x00000000   Number         0  stubs.o ABSOLUTE
    _printf_lli                              0x00000000   Number         0  stubs.o ABSOLUTE
    _printf_llo                              0x00000000   Number         0  stubs.o ABSOLUTE
    _printf_llu                              0x00000000   Number         0  stubs.o ABSOLUTE
    _printf_llx                              0x00000000   Number         0  stubs.o ABSOLUTE
    _printf_longlong_dec                     0x00000000   Number         0  stubs.o ABSOLUTE
    _printf_longlong_hex                     0x00000000   Number         0  stubs.o ABSOLUTE
    _printf_longlong_oct                     0x00000000   Number         0  stubs.o ABSOLUTE
    _printf_ls                               0x00000000   Number         0  stubs.o ABSOLUTE
    _printf_mbtowc                           0x00000000   Number         0  stubs.o ABSOLUTE
    _printf_n                                0x00000000   Number         0  stubs.o ABSOLUTE
    _printf_o                                0x00000000   Number         0  stubs.o ABSOLUTE
    _printf_p                                0x00000000   Number         0  stubs.o ABSOLUTE
    _printf_percent                          0x00000000   Number         0  stubs.o ABSOLUTE
    _printf_pre_padding                      0x00000000   Number         0  stubs.o ABSOLUTE
    _printf_return_value                     0x00000000   Number         0  stubs.o ABSOLUTE
    _printf_s                                0x00000000   Number         0  stubs.o ABSOLUTE
    _printf_sizespec                         0x00000000   Number         0  stubs.o ABSOLUTE
    _printf_str                              0x00000000   Number         0  stubs.o ABSOLUTE
    _printf_truncate_signed                  0x00000000   Number         0  stubs.o ABSOLUTE
    _printf_truncate_unsigned                0x00000000   Number         0  stubs.o ABSOLUTE
    _printf_u                                0x00000000   Number         0  stubs.o ABSOLUTE
    _printf_wc                               0x00000000   Number         0  stubs.o ABSOLUTE
    _printf_wctomb                           0x00000000   Number         0  stubs.o ABSOLUTE
    _printf_widthprec                        0x00000000   Number         0  stubs.o ABSOLUTE
    _printf_x                                0x00000000   Number         0  stubs.o ABSOLUTE
    __cpp_initialize__aeabi_                  - Undefined Weak Reference
    __cxa_finalize                            - Undefined Weak Reference
    _clock_init                               - Undefined Weak Reference
    _microlib_exit                            - Undefined Weak Reference
    __Vectors_Size                           0x000000ec   Number         0  startup_stm32f10x_md.o ABSOLUTE
    __Vectors                                0x08000000   Data           4  startup_stm32f10x_md.o(RESET)
    __Vectors_End                            0x080000ec   Data           0  startup_stm32f10x_md.o(RESET)
    __main                                   0x080000ed   Thumb Code     0  entry.o(.ARM.Collect$$$$00000000)
    _main_stk                                0x080000ed   Thumb Code     0  entry2.o(.ARM.Collect$$$$00000001)
    _main_scatterload                        0x080000f1   Thumb Code     0  entry5.o(.ARM.Collect$$$$00000004)
    __main_after_scatterload                 0x080000f5   Thumb Code     0  entry5.o(.ARM.Collect$$$$00000004)
    _main_clock                              0x080000f5   Thumb Code     0  entry7b.o(.ARM.Collect$$$$00000008)
    _main_cpp_init                           0x080000f5   Thumb Code     0  entry8b.o(.ARM.Collect$$$$0000000A)
    _main_init                               0x080000f5   Thumb Code     0  entry9a.o(.ARM.Collect$$$$0000000B)
    __rt_final_cpp                           0x080000fd   Thumb Code     0  entry10a.o(.ARM.Collect$$$$0000000D)
    __rt_final_exit                          0x080000fd   Thumb Code     0  entry11a.o(.ARM.Collect$$$$0000000F)
    CRC16                                    0x08000101   Thumb Code    76  crc.o(.text)
    GetCrc16                                 0x0800014d   Thumb Code    44  crc.o(.text)
    getCarSpeed                              0x0800017d   Thumb Code    70  encodernavigation.o(.text)
    getCarSteerAngle                         0x080001c3   Thumb Code    20  encodernavigation.o(.text)
    getLaserTheta                            0x080001d7   Thumb Code    20  encodernavigation.o(.text)
    getRearPoint                             0x080001eb   Thumb Code   128  encodernavigation.o(.text)
    SetLocationAngle                         0x0800026b   Thumb Code   154  encodernavigation.o(.text)
    predictCurrentAngle                      0x08000305   Thumb Code   114  encodernavigation.o(.text)
    predictCurrentLocation                   0x08000377   Thumb Code   148  encodernavigation.o(.text)
    KalmanFilterForAngle                     0x0800040b   Thumb Code   166  encodernavigation.o(.text)
    KalmanFilterForDistance                  0x080004b1   Thumb Code   102  encodernavigation.o(.text)
    updateCurrentPose                        0x08000517   Thumb Code   696  encodernavigation.o(.text)
    EncoderNavigation                        0x080007cf   Thumb Code    32  encodernavigation.o(.text)
    InitSystem                               0x0800081d   Thumb Code    52  main.o(.text)
    main                                     0x08000851   Thumb Code    48  main.o(.text)
    assert_failed                            0x08000881   Thumb Code    18  main.o(.text)
    NMI_Handler                              0x080008ad   Thumb Code     2  stm32f10x_it.o(.text)
    HardFault_Handler                        0x080008af   Thumb Code     4  stm32f10x_it.o(.text)
    MemManage_Handler                        0x080008b3   Thumb Code     4  stm32f10x_it.o(.text)
    BusFault_Handler                         0x080008b7   Thumb Code     4  stm32f10x_it.o(.text)
    UsageFault_Handler                       0x080008bb   Thumb Code     4  stm32f10x_it.o(.text)
    SVC_Handler                              0x080008bf   Thumb Code     2  stm32f10x_it.o(.text)
    DebugMon_Handler                         0x080008c1   Thumb Code     2  stm32f10x_it.o(.text)
    PendSV_Handler                           0x080008c3   Thumb Code     2  stm32f10x_it.o(.text)
    SystemInit                               0x080009a3   Thumb Code    78  system_stm32f10x.o(.text)
    SystemCoreClockUpdate                    0x080009f1   Thumb Code   142  system_stm32f10x.o(.text)
    Init_CLK                                 0x08000aa5   Thumb Code   206  clock.o(.text)
    GetSysTick                               0x08000b73   Thumb Code     6  clock.o(.text)
    SetSysTick                               0x08000b79   Thumb Code     6  clock.o(.text)
    Delay_ms                                 0x08000b7f   Thumb Code    24  clock.o(.text)
    Delay_us                                 0x08000b97   Thumb Code    84  clock.o(.text)
    CAN_Config_                              0x08000d4f   Thumb Code    20  can.o(.text)
    InitAllCAN                               0x08000d63   Thumb Code     8  can.o(.text)
    USB_LP_CAN1_RX0_IRQHandler               0x08000d6b   Thumb Code   102  can.o(.text)
    ExtId_TX_CAN1_frameTail                  0x08000dd1   Thumb Code   286  can.o(.text)
    ExtId_TX_CAN1_frameHead                  0x08000eef   Thumb Code   302  can.o(.text)
    ExtId_TX_CAN1                            0x0800101d   Thumb Code   748  can.o(.text)
    InitAllIO                                0x0800132d   Thumb Code   170  io.o(.text)
    InitAllUsart                             0x080013e9   Thumb Code    24  usart.o(.text)
    USART1_IRQHandler                        0x08001401   Thumb Code   168  usart.o(.text)
    USART2_IRQHandler                        0x080014a9   Thumb Code    26  usart.o(.text)
    UART4_IRQHandler                         0x080014c3   Thumb Code    48  usart.o(.text)
    USART1_printf                            0x080014f3   Thumb Code    58  usart.o(.text)
    USART2_printf                            0x0800152d   Thumb Code    58  usart.o(.text)
    USART3_TX_DMA                            0x0800158d   Thumb Code   122  uart3.o(.text)
    USART3_RX_DMA                            0x08001607   Thumb Code   164  uart3.o(.text)
    USART3_Init                              0x080016ab   Thumb Code   206  uart3.o(.text)
    USART3_Send_Byte                         0x08001779   Thumb Code    34  uart3.o(.text)
    USART3_Send_Str                          0x0800179b   Thumb Code    46  uart3.o(.text)
    Usart3_ClearBUF                          0x080017c9   Thumb Code    26  uart3.o(.text)
    USART3_IRQHandler                        0x080017e3   Thumb Code   458  uart3.o(.text)
    DMA1_Channel3_IRQHandler                 0x080019ad   Thumb Code   146  uart3.o(.text)
    DMA1_Channel2_IRQHandler                 0x08001a3f   Thumb Code    46  uart3.o(.text)
    Init_SYSTICK                             0x08001a81   Thumb Code    86  timer.o(.text)
    Close_SYSTICK                            0x08001ad7   Thumb Code    10  timer.o(.text)
    Open_SYSTICK                             0x08001ae1   Thumb Code    10  timer.o(.text)
    TimeDec                                  0x08001aeb   Thumb Code   182  timer.o(.text)
    SysTick_Handler                          0x08001ba1   Thumb Code    18  timer.o(.text)
    SYS_Timer_Init                           0x08001bb3   Thumb Code    20  timer.o(.text)
    SYS_Timer_Close                          0x08001bc7   Thumb Code     8  timer.o(.text)
    SYS_Timer_Open                           0x08001bcf   Thumb Code     8  timer.o(.text)
    Malloc_Timer                             0x08001bd7   Thumb Code   234  timer.o(.text)
    Free_Timer                               0x08001cc1   Thumb Code    64  timer.o(.text)
    Timer_Check                              0x08001d01   Thumb Code   120  timer.o(.text)
    Delay                                    0x08001d79   Thumb Code    70  timer.o(.text)
    Delay_100ns                              0x08001dbf   Thumb Code    38  timer.o(.text)
    Encoder_Config                           0x08001e05   Thumb Code   244  lib_encoder.o(.text)
    IsCountUp                                0x08001ef9   Thumb Code    20  lib_encoder.o(.text)
    EncoderGetCounter                        0x08001f0d   Thumb Code    18  lib_encoder.o(.text)
    InitEncoderCord                          0x08001f29   Thumb Code    62  encoder.o(.text)
    InitAllEncoder                           0x08001f67   Thumb Code     8  encoder.o(.text)
    TIM2_IRQHandler                          0x08001f6f   Thumb Code    12  encoder.o(.text)
    TIM3_IRQHandler                          0x08001f7b   Thumb Code    60  encoder.o(.text)
    TIM4_IRQHandler                          0x08001fb7   Thumb Code    12  encoder.o(.text)
    NavSendTestByCan                         0x08001fd5   Thumb Code    36  nav350.o(.text)
    Nav350CommInit                           0x08001ff9   Thumb Code    22  nav350.o(.text)
    Nav350GetTxPoint                         0x0800200f   Thumb Code    22  nav350.o(.text)
    Nav350AddInIndex                         0x08002025   Thumb Code    32  nav350.o(.text)
    Nav350GetOutIndex                        0x08002045   Thumb Code    52  nav350.o(.text)
    WaitNavPowerupTimeout                    0x08002079   Thumb Code    22  nav350.o(.text)
    WaitNavRespTimeout                       0x0800208f   Thumb Code    24  nav350.o(.text)
    Nav350FindRoute                          0x080020a7   Thumb Code    72  nav350.o(.text)
    AutoNavProcess                           0x080020ef   Thumb Code     8  nav350.o(.text)
    NavFillGetPoseData                       0x080020f7   Thumb Code    56  nav350.o(.text)
    PeriodicalGetPoseTimeout                 0x0800212f   Thumb Code    38  nav350.o(.text)
    Nav350LoopPro                            0x08002155   Thumb Code   906  nav350.o(.text)
    CalcPID                                  0x080024df   Thumb Code     2  nav350.o(.text)
    NavFillLogin                             0x080024e1   Thumb Code    96  nav350.o(.text)
    NavParseLogin                            0x08002541   Thumb Code    32  nav350.o(.text)
    NavFillStanbyMode                        0x08002561   Thumb Code    70  nav350.o(.text)
    NavParseOperatMode                       0x080025a7   Thumb Code    44  nav350.o(.text)
    NavFillSetCurrLayer                      0x080025d3   Thumb Code    56  nav350.o(.text)
    NavFillSetSlidMean                       0x0800260b   Thumb Code    56  nav350.o(.text)
    NavFillSetPoseDataFormal                 0x08002643   Thumb Code    56  nav350.o(.text)
    NavFillSetReflectorIdentwindow           0x0800267b   Thumb Code    56  nav350.o(.text)
    NavFillSetNClosest                       0x080026b3   Thumb Code    56  nav350.o(.text)
    NavFillSetActionRadius                   0x080026eb   Thumb Code    56  nav350.o(.text)
    NavFillNavigationMode                    0x08002723   Thumb Code    58  nav350.o(.text)
    NavFillGetTimestamp                      0x0800275d   Thumb Code    58  nav350.o(.text)
    NavParseTimeStamp                        0x08002797   Thumb Code    32  nav350.o(.text)
    NavSendPoseByCan                         0x080027b7   Thumb Code   474  nav350.o(.text)
    NavSendErrorByCan                        0x08002991   Thumb Code    42  nav350.o(.text)
    SendCurrPoseu                            0x080029bb   Thumb Code   196  nav350.o(.text)
    NavParseNavigation                       0x08002a7f   Thumb Code   446  nav350.o(.text)
    ShowTime                                 0x08002c3d   Thumb Code    48  nav350.o(.text)
    Reinit_Hight                             0x08002cfd   Thumb Code    16  lift.o(.text)
    FeedBackLoop                             0x08002d0d   Thumb Code    64  lift.o(.text)
    GetHight                                 0x08002d4d   Thumb Code    34  lift.o(.text)
    IsLiftBottom                             0x08002d6f   Thumb Code    20  lift.o(.text)
    IsLiftTop                                0x08002d83   Thumb Code    20  lift.o(.text)
    TxHight                                  0x08002d97   Thumb Code   156  lift.o(.text)
    StopLift                                 0x08002e33   Thumb Code    24  lift.o(.text)
    Down                                     0x08002e4b   Thumb Code    44  lift.o(.text)
    TestEncoder_cord                         0x08002e77   Thumb Code    46  lift.o(.text)
    speed_to_rpm                             0x08002ec5   Thumb Code    62  motor.o(.text)
    motor_send                               0x08002f03   Thumb Code   514  motor.o(.text)
    motor_init                               0x08003105   Thumb Code    62  motor.o(.text)
    rpm_to_speed                             0x08003143   Thumb Code    46  motor.o(.text)
    motor_enable                             0x08003171   Thumb Code    22  motor.o(.text)
    motor_mode                               0x08003187   Thumb Code    22  motor.o(.text)
    motor_direction                          0x0800319d   Thumb Code    20  motor.o(.text)
    motor_angle                              0x080031b1   Thumb Code    20  motor.o(.text)
    motor_speed                              0x080031c5   Thumb Code    20  motor.o(.text)
    motor_brake                              0x080031d9   Thumb Code    32  motor.o(.text)
    motor_reset_distance                     0x080031f9   Thumb Code     8  motor.o(.text)
    motor_heatbeat                           0x08003201   Thumb Code    54  motor.o(.text)
    motor_message_from_can                   0x08003237   Thumb Code    64  motor.o(.text)
    ReportBattery                            0x08003277   Thumb Code   130  motor.o(.text)
    message_save                             0x080032f9   Thumb Code    94  motor.o(.text)
    motor_control                            0x08003357   Thumb Code   116  motor.o(.text)
    lift_run                                 0x080033cb   Thumb Code    68  motor.o(.text)
    lift_stop                                0x0800340f   Thumb Code    16  motor.o(.text)
    lift_down                                0x0800341f   Thumb Code   166  motor.o(.text)
    lift_control                             0x080034c5   Thumb Code    62  motor.o(.text)
    lift_check                               0x08003503   Thumb Code   226  motor.o(.text)
    SetCharge                                0x080035e5   Thumb Code    52  motor.o(.text)
    motor_feedback_send                      0x08003619   Thumb Code   148  motor.o(.text)
    motor_feedback                           0x080036ad   Thumb Code   258  motor.o(.text)
    motor_fault_send                         0x080037af   Thumb Code    48  motor.o(.text)
    motor_fault                              0x080037df   Thumb Code    36  motor.o(.text)
    button_process                           0x08003803   Thumb Code    92  motor.o(.text)
    message_process                          0x0800385f   Thumb Code   290  motor.o(.text)
    motor_mode_get                           0x08003981   Thumb Code     6  motor.o(.text)
    Reset_Handler                            0x080039ad   Thumb Code     8  startup_stm32f10x_md.o(.text)
    ADC1_2_IRQHandler                        0x080039c7   Thumb Code     0  startup_stm32f10x_md.o(.text)
    CAN1_RX1_IRQHandler                      0x080039c7   Thumb Code     0  startup_stm32f10x_md.o(.text)
    CAN1_SCE_IRQHandler                      0x080039c7   Thumb Code     0  startup_stm32f10x_md.o(.text)
    DMA1_Channel1_IRQHandler                 0x080039c7   Thumb Code     0  startup_stm32f10x_md.o(.text)
    DMA1_Channel4_IRQHandler                 0x080039c7   Thumb Code     0  startup_stm32f10x_md.o(.text)
    DMA1_Channel5_IRQHandler                 0x080039c7   Thumb Code     0  startup_stm32f10x_md.o(.text)
    DMA1_Channel6_IRQHandler                 0x080039c7   Thumb Code     0  startup_stm32f10x_md.o(.text)
    DMA1_Channel7_IRQHandler                 0x080039c7   Thumb Code     0  startup_stm32f10x_md.o(.text)
    EXTI0_IRQHandler                         0x080039c7   Thumb Code     0  startup_stm32f10x_md.o(.text)
    EXTI15_10_IRQHandler                     0x080039c7   Thumb Code     0  startup_stm32f10x_md.o(.text)
    EXTI1_IRQHandler                         0x080039c7   Thumb Code     0  startup_stm32f10x_md.o(.text)
    EXTI2_IRQHandler                         0x080039c7   Thumb Code     0  startup_stm32f10x_md.o(.text)
    EXTI3_IRQHandler                         0x080039c7   Thumb Code     0  startup_stm32f10x_md.o(.text)
    EXTI4_IRQHandler                         0x080039c7   Thumb Code     0  startup_stm32f10x_md.o(.text)
    EXTI9_5_IRQHandler                       0x080039c7   Thumb Code     0  startup_stm32f10x_md.o(.text)
    FLASH_IRQHandler                         0x080039c7   Thumb Code     0  startup_stm32f10x_md.o(.text)
    I2C1_ER_IRQHandler                       0x080039c7   Thumb Code     0  startup_stm32f10x_md.o(.text)
    I2C1_EV_IRQHandler                       0x080039c7   Thumb Code     0  startup_stm32f10x_md.o(.text)
    I2C2_ER_IRQHandler                       0x080039c7   Thumb Code     0  startup_stm32f10x_md.o(.text)
    I2C2_EV_IRQHandler                       0x080039c7   Thumb Code     0  startup_stm32f10x_md.o(.text)
    PVD_IRQHandler                           0x080039c7   Thumb Code     0  startup_stm32f10x_md.o(.text)
    RCC_IRQHandler                           0x080039c7   Thumb Code     0  startup_stm32f10x_md.o(.text)
    RTCAlarm_IRQHandler                      0x080039c7   Thumb Code     0  startup_stm32f10x_md.o(.text)
    RTC_IRQHandler                           0x080039c7   Thumb Code     0  startup_stm32f10x_md.o(.text)
    SPI1_IRQHandler                          0x080039c7   Thumb Code     0  startup_stm32f10x_md.o(.text)
    SPI2_IRQHandler                          0x080039c7   Thumb Code     0  startup_stm32f10x_md.o(.text)
    TAMPER_IRQHandler                        0x080039c7   Thumb Code     0  startup_stm32f10x_md.o(.text)
    TIM1_BRK_IRQHandler                      0x080039c7   Thumb Code     0  startup_stm32f10x_md.o(.text)
    TIM1_CC_IRQHandler                       0x080039c7   Thumb Code     0  startup_stm32f10x_md.o(.text)
    TIM1_TRG_COM_IRQHandler                  0x080039c7   Thumb Code     0  startup_stm32f10x_md.o(.text)
    TIM1_UP_IRQHandler                       0x080039c7   Thumb Code     0  startup_stm32f10x_md.o(.text)
    USBWakeUp_IRQHandler                     0x080039c7   Thumb Code     0  startup_stm32f10x_md.o(.text)
    USB_HP_CAN1_TX_IRQHandler                0x080039c7   Thumb Code     0  startup_stm32f10x_md.o(.text)
    WWDG_IRQHandler                          0x080039c7   Thumb Code     0  startup_stm32f10x_md.o(.text)
    CAN_DeInit                               0x080039d1   Thumb Code    50  stm32f10x_can.o(.text)
    CAN_Init                                 0x08003a03   Thumb Code   276  stm32f10x_can.o(.text)
    CAN_FilterInit                           0x08003b17   Thumb Code   258  stm32f10x_can.o(.text)
    CAN_StructInit                           0x08003c19   Thumb Code    32  stm32f10x_can.o(.text)
    CAN_SlaveStartBank                       0x08003c39   Thumb Code    48  stm32f10x_can.o(.text)
    CAN_DBGFreeze                            0x08003c69   Thumb Code    22  stm32f10x_can.o(.text)
    CAN_TTComModeCmd                         0x08003c7f   Thumb Code   118  stm32f10x_can.o(.text)
    CAN_Transmit                             0x08003cf5   Thumb Code   304  stm32f10x_can.o(.text)
    CAN_TransmitStatus                       0x08003e25   Thumb Code   138  stm32f10x_can.o(.text)
    CAN_CancelTransmit                       0x08003eaf   Thumb Code    48  stm32f10x_can.o(.text)
    CAN_Receive                              0x08003edf   Thumb Code   240  stm32f10x_can.o(.text)
    CAN_FIFORelease                          0x08003fcf   Thumb Code    22  stm32f10x_can.o(.text)
    CAN_MessagePending                       0x08003fe5   Thumb Code    30  stm32f10x_can.o(.text)
    CAN_OperatingModeRequest                 0x08004003   Thumb Code   162  stm32f10x_can.o(.text)
    CAN_Sleep                                0x080040a5   Thumb Code    30  stm32f10x_can.o(.text)
    CAN_WakeUp                               0x080040c3   Thumb Code    48  stm32f10x_can.o(.text)
    CAN_GetLastErrorCode                     0x080040f3   Thumb Code    12  stm32f10x_can.o(.text)
    CAN_GetReceiveErrorCounter               0x080040ff   Thumb Code    10  stm32f10x_can.o(.text)
    CAN_GetLSBTransmitErrorCounter           0x08004109   Thumb Code    12  stm32f10x_can.o(.text)
    CAN_ITConfig                             0x08004115   Thumb Code    18  stm32f10x_can.o(.text)
    CAN_GetFlagStatus                        0x08004127   Thumb Code   120  stm32f10x_can.o(.text)
    CAN_ClearFlag                            0x0800419f   Thumb Code    52  stm32f10x_can.o(.text)
    CAN_GetITStatus                          0x080041e5   Thumb Code   310  stm32f10x_can.o(.text)
    CAN_ClearITPendingBit                    0x0800431b   Thumb Code   162  stm32f10x_can.o(.text)
    GPIO_DeInit                              0x080043c1   Thumb Code   172  stm32f10x_gpio.o(.text)
    GPIO_AFIODeInit                          0x0800446d   Thumb Code    20  stm32f10x_gpio.o(.text)
    GPIO_Init                                0x08004481   Thumb Code   278  stm32f10x_gpio.o(.text)
    GPIO_StructInit                          0x08004597   Thumb Code    16  stm32f10x_gpio.o(.text)
    GPIO_ReadInputDataBit                    0x080045a7   Thumb Code    18  stm32f10x_gpio.o(.text)
    GPIO_ReadInputData                       0x080045b9   Thumb Code     8  stm32f10x_gpio.o(.text)
    GPIO_ReadOutputDataBit                   0x080045c1   Thumb Code    18  stm32f10x_gpio.o(.text)
    GPIO_ReadOutputData                      0x080045d3   Thumb Code     8  stm32f10x_gpio.o(.text)
    GPIO_SetBits                             0x080045db   Thumb Code     4  stm32f10x_gpio.o(.text)
    GPIO_ResetBits                           0x080045df   Thumb Code     4  stm32f10x_gpio.o(.text)
    GPIO_WriteBit                            0x080045e3   Thumb Code    10  stm32f10x_gpio.o(.text)
    GPIO_Write                               0x080045ed   Thumb Code     4  stm32f10x_gpio.o(.text)
    GPIO_PinLockConfig                       0x080045f1   Thumb Code    18  stm32f10x_gpio.o(.text)
    GPIO_EventOutputConfig                   0x08004603   Thumb Code    26  stm32f10x_gpio.o(.text)
    GPIO_EventOutputCmd                      0x0800461d   Thumb Code     6  stm32f10x_gpio.o(.text)
    GPIO_PinRemapConfig                      0x08004623   Thumb Code   138  stm32f10x_gpio.o(.text)
    GPIO_EXTILineConfig                      0x080046ad   Thumb Code    66  stm32f10x_gpio.o(.text)
    GPIO_ETH_MediaInterfaceConfig            0x080046ef   Thumb Code     8  stm32f10x_gpio.o(.text)
    RCC_DeInit                               0x0800471d   Thumb Code    64  stm32f10x_rcc.o(.text)
    RCC_HSEConfig                            0x0800475d   Thumb Code    70  stm32f10x_rcc.o(.text)
    RCC_GetFlagStatus                        0x080047a3   Thumb Code    56  stm32f10x_rcc.o(.text)
    RCC_WaitForHSEStartUp                    0x080047db   Thumb Code    56  stm32f10x_rcc.o(.text)
    RCC_AdjustHSICalibrationValue            0x08004813   Thumb Code    20  stm32f10x_rcc.o(.text)
    RCC_HSICmd                               0x08004827   Thumb Code     6  stm32f10x_rcc.o(.text)
    RCC_PLLConfig                            0x0800482d   Thumb Code    24  stm32f10x_rcc.o(.text)
    RCC_PLLCmd                               0x08004845   Thumb Code     6  stm32f10x_rcc.o(.text)
    RCC_SYSCLKConfig                         0x0800484b   Thumb Code    18  stm32f10x_rcc.o(.text)
    RCC_GetSYSCLKSource                      0x0800485d   Thumb Code    10  stm32f10x_rcc.o(.text)
    RCC_HCLKConfig                           0x08004867   Thumb Code    18  stm32f10x_rcc.o(.text)
    RCC_PCLK1Config                          0x08004879   Thumb Code    18  stm32f10x_rcc.o(.text)
    RCC_PCLK2Config                          0x0800488b   Thumb Code    20  stm32f10x_rcc.o(.text)
    RCC_ITConfig                             0x0800489f   Thumb Code    26  stm32f10x_rcc.o(.text)
    RCC_USBCLKConfig                         0x080048b9   Thumb Code     8  stm32f10x_rcc.o(.text)
    RCC_ADCCLKConfig                         0x080048c1   Thumb Code    18  stm32f10x_rcc.o(.text)
    RCC_LSEConfig                            0x080048d3   Thumb Code    50  stm32f10x_rcc.o(.text)
    RCC_LSICmd                               0x08004905   Thumb Code     6  stm32f10x_rcc.o(.text)
    RCC_RTCCLKConfig                         0x0800490b   Thumb Code    12  stm32f10x_rcc.o(.text)
    RCC_RTCCLKCmd                            0x08004917   Thumb Code     8  stm32f10x_rcc.o(.text)
    RCC_GetClocksFreq                        0x0800491f   Thumb Code   192  stm32f10x_rcc.o(.text)
    RCC_AHBPeriphClockCmd                    0x080049df   Thumb Code    26  stm32f10x_rcc.o(.text)
    RCC_APB2PeriphClockCmd                   0x080049f9   Thumb Code    26  stm32f10x_rcc.o(.text)
    RCC_APB1PeriphClockCmd                   0x08004a13   Thumb Code    26  stm32f10x_rcc.o(.text)
    RCC_APB2PeriphResetCmd                   0x08004a2d   Thumb Code    26  stm32f10x_rcc.o(.text)
    RCC_APB1PeriphResetCmd                   0x08004a47   Thumb Code    26  stm32f10x_rcc.o(.text)
    RCC_BackupResetCmd                       0x08004a61   Thumb Code     8  stm32f10x_rcc.o(.text)
    RCC_ClockSecuritySystemCmd               0x08004a69   Thumb Code     6  stm32f10x_rcc.o(.text)
    RCC_MCOConfig                            0x08004a6f   Thumb Code     6  stm32f10x_rcc.o(.text)
    RCC_ClearFlag                            0x08004a75   Thumb Code    14  stm32f10x_rcc.o(.text)
    RCC_GetITStatus                          0x08004a83   Thumb Code    20  stm32f10x_rcc.o(.text)
    RCC_ClearITPendingBit                    0x08004a97   Thumb Code     6  stm32f10x_rcc.o(.text)
    USART_DeInit                             0x08004ac1   Thumb Code   134  stm32f10x_usart.o(.text)
    USART_Init                               0x08004b47   Thumb Code   210  stm32f10x_usart.o(.text)
    USART_StructInit                         0x08004c19   Thumb Code    24  stm32f10x_usart.o(.text)
    USART_ClockInit                          0x08004c31   Thumb Code    34  stm32f10x_usart.o(.text)
    USART_ClockStructInit                    0x08004c53   Thumb Code    12  stm32f10x_usart.o(.text)
    USART_Cmd                                0x08004c5f   Thumb Code    24  stm32f10x_usart.o(.text)
    USART_ITConfig                           0x08004c77   Thumb Code    74  stm32f10x_usart.o(.text)
    USART_DMACmd                             0x08004cc1   Thumb Code    18  stm32f10x_usart.o(.text)
    USART_SetAddress                         0x08004cd3   Thumb Code    18  stm32f10x_usart.o(.text)
    USART_WakeUpConfig                       0x08004ce5   Thumb Code    18  stm32f10x_usart.o(.text)
    USART_ReceiverWakeUpCmd                  0x08004cf7   Thumb Code    24  stm32f10x_usart.o(.text)
    USART_LINBreakDetectLengthConfig         0x08004d0f   Thumb Code    18  stm32f10x_usart.o(.text)
    USART_LINCmd                             0x08004d21   Thumb Code    24  stm32f10x_usart.o(.text)
    USART_SendData                           0x08004d39   Thumb Code     8  stm32f10x_usart.o(.text)
    USART_ReceiveData                        0x08004d41   Thumb Code    10  stm32f10x_usart.o(.text)
    USART_SendBreak                          0x08004d4b   Thumb Code    10  stm32f10x_usart.o(.text)
    USART_SetGuardTime                       0x08004d55   Thumb Code    16  stm32f10x_usart.o(.text)
    USART_SetPrescaler                       0x08004d65   Thumb Code    16  stm32f10x_usart.o(.text)
    USART_SmartCardCmd                       0x08004d75   Thumb Code    24  stm32f10x_usart.o(.text)
    USART_SmartCardNACKCmd                   0x08004d8d   Thumb Code    24  stm32f10x_usart.o(.text)
    USART_HalfDuplexCmd                      0x08004da5   Thumb Code    24  stm32f10x_usart.o(.text)
    USART_OverSampling8Cmd                   0x08004dbd   Thumb Code    22  stm32f10x_usart.o(.text)
    USART_OneBitMethodCmd                    0x08004dd3   Thumb Code    24  stm32f10x_usart.o(.text)
    USART_IrDAConfig                         0x08004deb   Thumb Code    18  stm32f10x_usart.o(.text)
    USART_IrDACmd                            0x08004dfd   Thumb Code    24  stm32f10x_usart.o(.text)
    USART_GetFlagStatus                      0x08004e15   Thumb Code    26  stm32f10x_usart.o(.text)
    USART_ClearFlag                          0x08004e2f   Thumb Code    18  stm32f10x_usart.o(.text)
    USART_GetITStatus                        0x08004e41   Thumb Code    84  stm32f10x_usart.o(.text)
    USART_ClearITPendingBit                  0x08004e95   Thumb Code    52  stm32f10x_usart.o(.text)
    NVIC_PriorityGroupConfig                 0x08004ec9   Thumb Code    10  misc.o(.text)
    NVIC_Init                                0x08004ed3   Thumb Code   100  misc.o(.text)
    NVIC_SetVectorTable                      0x08004f37   Thumb Code    14  misc.o(.text)
    NVIC_SystemLPConfig                      0x08004f45   Thumb Code    34  misc.o(.text)
    SysTick_CLKSourceConfig                  0x08004f67   Thumb Code    40  misc.o(.text)
    DMA_DeInit                               0x08004fa5   Thumb Code   324  stm32f10x_dma.o(.text)
    DMA_Init                                 0x080050e9   Thumb Code    60  stm32f10x_dma.o(.text)
    DMA_StructInit                           0x08005125   Thumb Code    26  stm32f10x_dma.o(.text)
    DMA_Cmd                                  0x0800513f   Thumb Code    24  stm32f10x_dma.o(.text)
    DMA_ITConfig                             0x08005157   Thumb Code    18  stm32f10x_dma.o(.text)
    DMA_SetCurrDataCounter                   0x08005169   Thumb Code     4  stm32f10x_dma.o(.text)
    DMA_GetCurrDataCounter                   0x0800516d   Thumb Code     8  stm32f10x_dma.o(.text)
    DMA_GetFlagStatus                        0x08005175   Thumb Code    40  stm32f10x_dma.o(.text)
    DMA_ClearFlag                            0x0800519d   Thumb Code    22  stm32f10x_dma.o(.text)
    DMA_GetITStatus                          0x080051b3   Thumb Code    40  stm32f10x_dma.o(.text)
    DMA_ClearITPendingBit                    0x080051db   Thumb Code    22  stm32f10x_dma.o(.text)
    TIM_DeInit                               0x080051f9   Thumb Code   424  stm32f10x_tim.o(.text)
    TIM_TimeBaseInit                         0x080053a1   Thumb Code   122  stm32f10x_tim.o(.text)
    TIM_OC1Init                              0x0800541b   Thumb Code   132  stm32f10x_tim.o(.text)
    TIM_OC2Init                              0x0800549f   Thumb Code   154  stm32f10x_tim.o(.text)
    TIM_OC3Init                              0x08005539   Thumb Code   150  stm32f10x_tim.o(.text)
    TIM_OC4Init                              0x080055cf   Thumb Code   182  stm32f10x_tim.o(.text)
    TIM_SetIC4Prescaler                      0x08005685   Thumb Code    26  stm32f10x_tim.o(.text)
    TIM_SetIC3Prescaler                      0x08005721   Thumb Code    18  stm32f10x_tim.o(.text)
    TIM_SetIC2Prescaler                      0x080057ad   Thumb Code    26  stm32f10x_tim.o(.text)
    TIM_SetIC1Prescaler                      0x08005849   Thumb Code    18  stm32f10x_tim.o(.text)
    TIM_ICInit                               0x080058c7   Thumb Code   150  stm32f10x_tim.o(.text)
    TIM_PWMIConfig                           0x0800595d   Thumb Code   124  stm32f10x_tim.o(.text)
    TIM_BDTRConfig                           0x080059d9   Thumb Code    32  stm32f10x_tim.o(.text)
    TIM_TimeBaseStructInit                   0x080059f9   Thumb Code    18  stm32f10x_tim.o(.text)
    TIM_OCStructInit                         0x08005a0b   Thumb Code    20  stm32f10x_tim.o(.text)
    TIM_ICStructInit                         0x08005a1f   Thumb Code    18  stm32f10x_tim.o(.text)
    TIM_BDTRStructInit                       0x08005a31   Thumb Code    40  stm32f10x_tim.o(.text)
    TIM_Cmd                                  0x08005a59   Thumb Code    24  stm32f10x_tim.o(.text)
    TIM_CtrlPWMOutputs                       0x08005a71   Thumb Code    30  stm32f10x_tim.o(.text)
    TIM_ITConfig                             0x08005a8f   Thumb Code    18  stm32f10x_tim.o(.text)
    TIM_GenerateEvent                        0x08005aa1   Thumb Code     4  stm32f10x_tim.o(.text)
    TIM_DMAConfig                            0x08005aa5   Thumb Code    10  stm32f10x_tim.o(.text)
    TIM_DMACmd                               0x08005aaf   Thumb Code    18  stm32f10x_tim.o(.text)
    TIM_InternalClockConfig                  0x08005ac1   Thumb Code    12  stm32f10x_tim.o(.text)
    TIM_SelectInputTrigger                   0x08005acd   Thumb Code    18  stm32f10x_tim.o(.text)
    TIM_ITRxExternalClockConfig              0x08005adf   Thumb Code    24  stm32f10x_tim.o(.text)
    TIM_TIxExternalClockConfig               0x08005af7   Thumb Code    62  stm32f10x_tim.o(.text)
    TIM_ETRConfig                            0x08005b35   Thumb Code    28  stm32f10x_tim.o(.text)
    TIM_ETRClockMode1Config                  0x08005b51   Thumb Code    54  stm32f10x_tim.o(.text)
    TIM_ETRClockMode2Config                  0x08005b87   Thumb Code    32  stm32f10x_tim.o(.text)
    TIM_PrescalerConfig                      0x08005ba7   Thumb Code     6  stm32f10x_tim.o(.text)
    TIM_CounterModeConfig                    0x08005bad   Thumb Code    18  stm32f10x_tim.o(.text)
    TIM_EncoderInterfaceConfig               0x08005bbf   Thumb Code    66  stm32f10x_tim.o(.text)
    TIM_ForcedOC1Config                      0x08005c01   Thumb Code    18  stm32f10x_tim.o(.text)
    TIM_ForcedOC2Config                      0x08005c13   Thumb Code    26  stm32f10x_tim.o(.text)
    TIM_ForcedOC3Config                      0x08005c2d   Thumb Code    18  stm32f10x_tim.o(.text)
    TIM_ForcedOC4Config                      0x08005c3f   Thumb Code    26  stm32f10x_tim.o(.text)
    TIM_ARRPreloadConfig                     0x08005c59   Thumb Code    24  stm32f10x_tim.o(.text)
    TIM_SelectCOM                            0x08005c71   Thumb Code    24  stm32f10x_tim.o(.text)
    TIM_SelectCCDMA                          0x08005c89   Thumb Code    24  stm32f10x_tim.o(.text)
    TIM_CCPreloadControl                     0x08005ca1   Thumb Code    24  stm32f10x_tim.o(.text)
    TIM_OC1PreloadConfig                     0x08005cb9   Thumb Code    18  stm32f10x_tim.o(.text)
    TIM_OC2PreloadConfig                     0x08005ccb   Thumb Code    26  stm32f10x_tim.o(.text)
    TIM_OC3PreloadConfig                     0x08005ce5   Thumb Code    18  stm32f10x_tim.o(.text)
    TIM_OC4PreloadConfig                     0x08005cf7   Thumb Code    26  stm32f10x_tim.o(.text)
    TIM_OC1FastConfig                        0x08005d11   Thumb Code    18  stm32f10x_tim.o(.text)
    TIM_OC2FastConfig                        0x08005d23   Thumb Code    26  stm32f10x_tim.o(.text)
    TIM_OC3FastConfig                        0x08005d3d   Thumb Code    18  stm32f10x_tim.o(.text)
    TIM_OC4FastConfig                        0x08005d4f   Thumb Code    26  stm32f10x_tim.o(.text)
    TIM_ClearOC1Ref                          0x08005d69   Thumb Code    18  stm32f10x_tim.o(.text)
    TIM_ClearOC2Ref                          0x08005d7b   Thumb Code    24  stm32f10x_tim.o(.text)
    TIM_ClearOC3Ref                          0x08005d93   Thumb Code    18  stm32f10x_tim.o(.text)
    TIM_ClearOC4Ref                          0x08005da5   Thumb Code    24  stm32f10x_tim.o(.text)
    TIM_OC1PolarityConfig                    0x08005dbd   Thumb Code    18  stm32f10x_tim.o(.text)
    TIM_OC1NPolarityConfig                   0x08005dcf   Thumb Code    18  stm32f10x_tim.o(.text)
    TIM_OC2PolarityConfig                    0x08005de1   Thumb Code    26  stm32f10x_tim.o(.text)
    TIM_OC2NPolarityConfig                   0x08005dfb   Thumb Code    26  stm32f10x_tim.o(.text)
    TIM_OC3PolarityConfig                    0x08005e15   Thumb Code    26  stm32f10x_tim.o(.text)
    TIM_OC3NPolarityConfig                   0x08005e2f   Thumb Code    26  stm32f10x_tim.o(.text)
    TIM_OC4PolarityConfig                    0x08005e49   Thumb Code    26  stm32f10x_tim.o(.text)
    TIM_CCxCmd                               0x08005e63   Thumb Code    30  stm32f10x_tim.o(.text)
    TIM_CCxNCmd                              0x08005e81   Thumb Code    30  stm32f10x_tim.o(.text)
    TIM_SelectOCxM                           0x08005e9f   Thumb Code    82  stm32f10x_tim.o(.text)
    TIM_UpdateDisableConfig                  0x08005ef1   Thumb Code    24  stm32f10x_tim.o(.text)
    TIM_UpdateRequestConfig                  0x08005f09   Thumb Code    24  stm32f10x_tim.o(.text)
    TIM_SelectHallSensor                     0x08005f21   Thumb Code    24  stm32f10x_tim.o(.text)
    TIM_SelectOnePulseMode                   0x08005f39   Thumb Code    18  stm32f10x_tim.o(.text)
    TIM_SelectOutputTrigger                  0x08005f4b   Thumb Code    18  stm32f10x_tim.o(.text)
    TIM_SelectSlaveMode                      0x08005f5d   Thumb Code    18  stm32f10x_tim.o(.text)
    TIM_SelectMasterSlaveMode                0x08005f6f   Thumb Code    18  stm32f10x_tim.o(.text)
    TIM_SetCounter                           0x08005f81   Thumb Code     4  stm32f10x_tim.o(.text)
    TIM_SetAutoreload                        0x08005f85   Thumb Code     4  stm32f10x_tim.o(.text)
    TIM_SetCompare1                          0x08005f89   Thumb Code     4  stm32f10x_tim.o(.text)
    TIM_SetCompare2                          0x08005f8d   Thumb Code     4  stm32f10x_tim.o(.text)
    TIM_SetCompare3                          0x08005f91   Thumb Code     4  stm32f10x_tim.o(.text)
    TIM_SetCompare4                          0x08005f95   Thumb Code     6  stm32f10x_tim.o(.text)
    TIM_SetClockDivision                     0x08005f9b   Thumb Code    18  stm32f10x_tim.o(.text)
    TIM_GetCapture1                          0x08005fad   Thumb Code     6  stm32f10x_tim.o(.text)
    TIM_GetCapture2                          0x08005fb3   Thumb Code     6  stm32f10x_tim.o(.text)
    TIM_GetCapture3                          0x08005fb9   Thumb Code     6  stm32f10x_tim.o(.text)
    TIM_GetCapture4                          0x08005fbf   Thumb Code     8  stm32f10x_tim.o(.text)
    TIM_GetCounter                           0x08005fc7   Thumb Code     6  stm32f10x_tim.o(.text)
    TIM_GetPrescaler                         0x08005fcd   Thumb Code     6  stm32f10x_tim.o(.text)
    TIM_GetFlagStatus                        0x08005fd3   Thumb Code    18  stm32f10x_tim.o(.text)
    TIM_ClearFlag                            0x08005fe5   Thumb Code     6  stm32f10x_tim.o(.text)
    TIM_GetITStatus                          0x08005feb   Thumb Code    34  stm32f10x_tim.o(.text)
    TIM_ClearITPendingBit                    0x0800600d   Thumb Code     6  stm32f10x_tim.o(.text)
    USART_NVIC_Config                        0x08006015   Thumb Code    30  usart.o(.text)
    USART_Config                             0x08006033   Thumb Code   362  usart.o(.text)
    fputc                                    0x080061c5   Thumb Code   168  retarget_printf.o(.text)
    RTT_printf                               0x0800626d   Thumb Code    44  retarget_printf.o(.text)
    GPIOx_To_RCC_GPIOx                       0x080062b1   Thumb Code    74  lib_io.o(.text)
    pinsource2pin                            0x080062fb   Thumb Code    22  lib_io.o(.text)
    Config_IO                                0x08006311   Thumb Code    48  lib_io.o(.text)
    PinOutput                                0x08006341   Thumb Code    28  lib_io.o(.text)
    PinToggle                                0x0800635d   Thumb Code    22  lib_io.o(.text)
    PinBlink                                 0x08006373   Thumb Code   512  lib_io.o(.text)
    ReadPinOutput                            0x08006573   Thumb Code    28  lib_io.o(.text)
    ReadPinInput                             0x0800658f   Thumb Code    28  lib_io.o(.text)
    ScanKey                                  0x080065ab   Thumb Code   418  lib_io.o(.text)
    SEGGER_RTT_Read                          0x0800676b   Thumb Code   106  segger_rtt.o(.text)
    SEGGER_RTT_Write                         0x080067d5   Thumb Code   152  segger_rtt.o(.text)
    SEGGER_RTT_WriteString                   0x0800686d   Thumb Code    24  segger_rtt.o(.text)
    SEGGER_RTT_GetKey                        0x08006885   Thumb Code    28  segger_rtt.o(.text)
    SEGGER_RTT_WaitKey                       0x080068a1   Thumb Code    12  segger_rtt.o(.text)
    SEGGER_RTT_HasKey                        0x080068ad   Thumb Code    18  segger_rtt.o(.text)
    SEGGER_RTT_ConfigUpBuffer                0x080068bf   Thumb Code    48  segger_rtt.o(.text)
    SEGGER_RTT_ConfigDownBuffer              0x080068ef   Thumb Code    48  segger_rtt.o(.text)
    __aeabi_memcpy                           0x08006925   Thumb Code    36  memcpya.o(.text)
    __aeabi_memcpy4                          0x08006925   Thumb Code     0  memcpya.o(.text)
    __aeabi_memcpy8                          0x08006925   Thumb Code     0  memcpya.o(.text)
    __aeabi_memset                           0x08006949   Thumb Code    14  memseta.o(.text)
    __aeabi_memset4                          0x08006949   Thumb Code     0  memseta.o(.text)
    __aeabi_memset8                          0x08006949   Thumb Code     0  memseta.o(.text)
    __aeabi_memclr                           0x08006957   Thumb Code     4  memseta.o(.text)
    __aeabi_memclr4                          0x08006957   Thumb Code     0  memseta.o(.text)
    __aeabi_memclr8                          0x08006957   Thumb Code     0  memseta.o(.text)
    _memset$wrapper                          0x0800695b   Thumb Code    18  memseta.o(.text)
    strstr                                   0x0800696d   Thumb Code    36  strstr.o(.text)
    strlen                                   0x08006991   Thumb Code    14  strlen.o(.text)
    strtol                                   0x0800699f   Thumb Code   112  strtol.o(.text)
    strtoul                                  0x08006a0f   Thumb Code   114  strtoul.o(.text)
    __aeabi_fadd                             0x08006a81   Thumb Code   164  fadd.o(.text)
    __aeabi_fsub                             0x08006b25   Thumb Code     6  fadd.o(.text)
    __aeabi_frsub                            0x08006b2b   Thumb Code     6  fadd.o(.text)
    __aeabi_fmul                             0x08006b31   Thumb Code   100  fmul.o(.text)
    __aeabi_fdiv                             0x08006b95   Thumb Code   124  fdiv.o(.text)
    __aeabi_dmul                             0x08006c11   Thumb Code   228  dmul.o(.text)
    __aeabi_ddiv                             0x08006cf5   Thumb Code   222  ddiv.o(.text)
    __aeabi_i2f                              0x08006dd3   Thumb Code    18  fflti.o(.text)
    __aeabi_ui2f                             0x08006de5   Thumb Code    10  ffltui.o(.text)
    __aeabi_i2d                              0x08006def   Thumb Code    34  dflti.o(.text)
    __aeabi_f2iz                             0x08006e11   Thumb Code    50  ffixi.o(.text)
    __aeabi_f2uiz                            0x08006e43   Thumb Code    40  ffixui.o(.text)
    __aeabi_d2iz                             0x08006e6b   Thumb Code    62  dfixi.o(.text)
    __aeabi_cdcmpeq                          0x08006ea9   Thumb Code     0  cdcmple.o(.text)
    __aeabi_cdcmple                          0x08006ea9   Thumb Code    48  cdcmple.o(.text)
    __aeabi_cfcmpeq                          0x08006ed9   Thumb Code     0  cfcmple.o(.text)
    __aeabi_cfcmple                          0x08006ed9   Thumb Code    20  cfcmple.o(.text)
    __aeabi_cfrcmple                         0x08006eed   Thumb Code    20  cfrcmple.o(.text)
    __aeabi_uidiv                            0x08006f01   Thumb Code     0  uidiv.o(.text)
    __aeabi_uidivmod                         0x08006f01   Thumb Code    44  uidiv.o(.text)
    __aeabi_uldivmod                         0x08006f2d   Thumb Code    98  uldiv.o(.text)
    __aeabi_llsr                             0x08006f8f   Thumb Code    32  llushr.o(.text)
    _ll_ushift_r                             0x08006f8f   Thumb Code     0  llushr.o(.text)
    __rt_ctype_table                         0x08006fb1   Thumb Code     4  ctype_o.o(.text)
    _strtoul                                 0x08006fb9   Thumb Code   158  _strtoul.o(.text)
    __I$use$fp                               0x08007057   Thumb Code     0  iusefp.o(.text)
    _float_round                             0x08007057   Thumb Code    18  fepilogue.o(.text)
    _float_epilogue                          0x08007069   Thumb Code    92  fepilogue.o(.text)
    _frnd                                    0x080070c5   Thumb Code    60  frnd.o(.text)
    _double_round                            0x08007101   Thumb Code    30  depilogue.o(.text)
    _double_epilogue                         0x0800711f   Thumb Code   156  depilogue.o(.text)
    __aeabi_dadd                             0x080071bb   Thumb Code   322  dadd.o(.text)
    __aeabi_dsub                             0x080072fd   Thumb Code     6  dadd.o(.text)
    __aeabi_drsub                            0x08007303   Thumb Code     6  dadd.o(.text)
    __aeabi_d2ulz                            0x08007309   Thumb Code    48  dfixul.o(.text)
    __aeabi_cdrcmple                         0x08007339   Thumb Code    48  cdrcmple.o(.text)
    __scatterload                            0x08007369   Thumb Code    28  init.o(.text)
    __scatterload_rt2                        0x08007369   Thumb Code     0  init.o(.text)
    __aeabi_llsl                             0x0800738d   Thumb Code    30  llshl.o(.text)
    _ll_shift_l                              0x0800738d   Thumb Code     0  llshl.o(.text)
    __aeabi_lasr                             0x080073ab   Thumb Code    36  llsshr.o(.text)
    _ll_sshift_r                             0x080073ab   Thumb Code     0  llsshr.o(.text)
    _chval                                   0x080073cf   Thumb Code    28  _chval.o(.text)
    __ARM_scalbnf                            0x080073eb   Thumb Code    24  fscalb.o(.text)
    scalbnf                                  0x080073eb   Thumb Code     0  fscalb.o(.text)
    __decompress                             0x08007403   Thumb Code     0  __dczerorl2.o(.text)
    __decompress1                            0x08007403   Thumb Code    86  __dczerorl2.o(.text)
    __0printf$5                              0x08007459   Thumb Code    22  printf5.o(i.__0printf$5)
    __1printf$5                              0x08007459   Thumb Code     0  printf5.o(i.__0printf$5)
    __2printf                                0x08007459   Thumb Code     0  printf5.o(i.__0printf$5)
    __0sprintf$5                             0x08007479   Thumb Code    34  printf5.o(i.__0sprintf$5)
    __1sprintf$5                             0x08007479   Thumb Code     0  printf5.o(i.__0sprintf$5)
    __2sprintf                               0x08007479   Thumb Code     0  printf5.o(i.__0sprintf$5)
    __0vsnprintf                             0x080074a1   Thumb Code    40  printfa.o(i.__0vsnprintf)
    __1vsnprintf                             0x080074a1   Thumb Code     0  printfa.o(i.__0vsnprintf)
    __2vsnprintf                             0x080074a1   Thumb Code     0  printfa.o(i.__0vsnprintf)
    __c89vsnprintf                           0x080074a1   Thumb Code     0  printfa.o(i.__0vsnprintf)
    vsnprintf                                0x080074a1   Thumb Code     0  printfa.o(i.__0vsnprintf)
    __ARM_fpclassifyf                        0x080074cd   Thumb Code    38  fpclassifyf.o(i.__ARM_fpclassifyf)
    __aeabi_errno_addr                       0x080074f5   Thumb Code     4  errno.o(i.__aeabi_errno_addr)
    __rt_errno_addr                          0x080074f5   Thumb Code     0  errno.o(i.__aeabi_errno_addr)
    __mathlib_flt_infnan                     0x080074fd   Thumb Code     6  funder.o(i.__mathlib_flt_infnan)
    __mathlib_flt_invalid                    0x08007503   Thumb Code     8  funder.o(i.__mathlib_flt_invalid)
    __mathlib_flt_underflow                  0x0800750b   Thumb Code    10  funder.o(i.__mathlib_flt_underflow)
    __mathlib_rredf2                         0x08007515   Thumb Code   344  rredf.o(i.__mathlib_rredf2)
    __scatterload_copy                       0x0800767d   Thumb Code    14  handlers.o(i.__scatterload_copy)
    __scatterload_null                       0x0800768b   Thumb Code     2  handlers.o(i.__scatterload_null)
    __scatterload_zeroinit                   0x0800768d   Thumb Code    14  handlers.o(i.__scatterload_zeroinit)
    __set_errno                              0x0800769d   Thumb Code     6  errno.o(i.__set_errno)
    cosf                                     0x0800823d   Thumb Code   328  cosf.o(i.cosf)
    sinf                                     0x080083b9   Thumb Code   338  sinf.o(i.sinf)
    tabel                                    0x08008540   Data         512  crc.o(.constdata)
    __ctype_table                            0x080087cc   Data         129  ctype_o.o(.constdata)
    Region$$Table$$Base                      0x08008860   Number         0  anon$$obj.o(Region$$Table)
    Region$$Table$$Limit                     0x08008880   Number         0  anon$$obj.o(Region$$Table)
    currentPoint                             0x20000000   Data           8  encodernavigation.o(.data)
    currentTheta                             0x20000008   Data           4  encodernavigation.o(.data)
    Pk                                       0x2000000c   Data           4  encodernavigation.o(.data)
    Q                                        0x20000010   Data           4  encodernavigation.o(.data)
    R                                        0x20000014   Data           4  encodernavigation.o(.data)
    Pk1                                      0x20000018   Data           4  encodernavigation.o(.data)
    Pk2                                      0x2000001c   Data           4  encodernavigation.o(.data)
    Q1                                       0x20000020   Data           4  encodernavigation.o(.data)
    R1                                       0x20000024   Data           4  encodernavigation.o(.data)
    lastSysTime                              0x20000028   Data           4  encodernavigation.o(.data)
    SystemCoreClock                          0x2000002c   Data           4  system_stm32f10x.o(.data)
    AHBPrescTable                            0x20000030   Data          16  system_stm32f10x.o(.data)
    f_startDownload                          0x20000040   Data           1  can.o(.data)
    UART1_User_Buf_No                        0x20000084   Data           1  usart.o(.data)
    UART1_Str                                0x20000088   Data           8  usart.o(.data)
    UART3_User_Buf_No                        0x20000091   Data           1  uart3.o(.data)
    UART3_Str                                0x20000094   Data           8  uart3.o(.data)
    isWriteForUart3                          0x2000009c   Data           4  uart3.o(.data)
    RealPeriod                               0x200000a4   Data           4  timer.o(.data)
    TickCount                                0x200000a8   Data           4  timer.o(.data)
    sysTick                                  0x200000ac   Data           4  timer.o(.data)
    encoderOverflow_cord                     0x20000120   Data           4  encoder.o(.data)
    encoder_cord                             0x20000124   Data          12  encoder.o(.data)
    Curr_Pro                                 0x20000134   Data           4  nav350.o(.data)
    NAV350_State                             0x20000138   Data           1  nav350.o(.data)
    Init_State                               0x20000139   Data           1  nav350.o(.data)
    Nav350PowerupFinish                      0x2000013a   Data           1  nav350.o(.data)
    PositionNum                              0x2000013c   Data           4  nav350.o(.data)
    LastPos                                  0x20000140   Data           2  nav350.o(.data)
    AllScanPoint                             0x20000142   Data           1  nav350.o(.data)
    stopflag                                 0x20000143   Data           1  nav350.o(.data)
    Cmd_List                                 0x20000148   Data         400  nav350.o(.data)
    Cmd_List_Num                             0x200002d8   Data           1  nav350.o(.data)
    HoriAngle                                0x200002dc   Data           4  nav350.o(.data)
    AdjAngle                                 0x200002e0   Data           4  nav350.o(.data)
    modeflag                                 0x200002e4   Data           1  nav350.o(.data)
    isCharge                                 0x2000030c   Data           1  motor.o(.data)
    fullRemapForUsart3                       0x2000033c   Data           1  usart.o(.data)
    USART_IRQ                                0x2000033d   Data           5  usart.o(.data)
    sw_putchar                               0x20000344   Data           4  retarget_printf.o(.data)
    blink_slots                              0x20000348   Data         164  lib_io.o(.data)
    __stdout                                 0x20000468   Data           4  stdout.o(.data)
    AGVValue                                 0x20000470   Data          28  encodernavigation.o(.bss)
    UART1_Recv_Buf                           0x200004a0   Data         300  usart.o(.bss)
    UART3_Recv_Buf                           0x200005cc   Data         100  uart3.o(.bss)
    uart3_Recv_Buf                           0x20000630   Data         312  uart3.o(.bss)
    Recv_Buf                                 0x20000768   Data         104  uart3.o(.bss)
    UART3_DMA_TX                             0x200007d0   Data          44  uart3.o(.bss)
    UART3_DMA_RX                             0x200007fc   Data          44  uart3.o(.bss)
    TimeList                                 0x20000828   Data         420  timer.o(.bss)
    RCC_Clocks                               0x200009cc   Data          20  timer.o(.bss)
    Nav_Send_Str                             0x200009e0   Data        1510  nav350.o(.bss)
    DeviceInfo                               0x20000fc6   Data          31  nav350.o(.bss)
    PositionStr                              0x20000fe5   Data          34  nav350.o(.bss)
    tempData                                 0x20001007   Data         100  nav350.o(.bss)
    g_motor_info                             0x2000106c   Data          28  motor.o(.bss)
    g_motor_control                          0x20001088   Data          28  motor.o(.bss)
    scan_key_buf                             0x200011dc   Data         320  lib_io.o(.bss)
    __initial_sp                             0x20001b30   Data           0  startup_stm32f10x_md.o(STACK)



==============================================================================

Memory Map of the image

  Image Entry point : 0x080000ed

  Load Region LR_IROM1 (Base: 0x08000000, Size: 0x00008cf0, Max: 0x0000f000, ABSOLUTE, COMPRESSED[0x000089f0])

    Execution Region ER_IROM1 (Exec base: 0x08000000, Load base: 0x08000000, Size: 0x00008880, Max: 0x0000f000, ABSOLUTE)

    Exec Addr    Load Addr    Size         Type   Attr      Idx    E Section Name        Object

    0x08000000   0x08000000   0x000000ec   Data   RO          624    RESET               startup_stm32f10x_md.o
    0x080000ec   0x080000ec   0x00000000   Code   RO          995  * .ARM.Collect$$$$00000000  mc_w.l(entry.o)
    0x080000ec   0x080000ec   0x00000004   Code   RO         1320    .ARM.Collect$$$$00000001  mc_w.l(entry2.o)
    0x080000f0   0x080000f0   0x00000004   Code   RO         1323    .ARM.Collect$$$$00000004  mc_w.l(entry5.o)
    0x080000f4   0x080000f4   0x00000000   Code   RO         1325    .ARM.Collect$$$$00000008  mc_w.l(entry7b.o)
    0x080000f4   0x080000f4   0x00000000   Code   RO         1327    .ARM.Collect$$$$0000000A  mc_w.l(entry8b.o)
    0x080000f4   0x080000f4   0x00000008   Code   RO         1328    .ARM.Collect$$$$0000000B  mc_w.l(entry9a.o)
    0x080000fc   0x080000fc   0x00000000   Code   RO         1330    .ARM.Collect$$$$0000000D  mc_w.l(entry10a.o)
    0x080000fc   0x080000fc   0x00000000   Code   RO         1332    .ARM.Collect$$$$0000000F  mc_w.l(entry11a.o)
    0x080000fc   0x080000fc   0x00000004   Code   RO         1321    .ARM.Collect$$$$00002712  mc_w.l(entry2.o)
    0x08000100   0x08000100   0x0000007c   Code   RO            3    .text               crc.o
    0x0800017c   0x0800017c   0x000006a0   Code   RO           76    .text               encodernavigation.o
    0x0800081c   0x0800081c   0x00000090   Code   RO          107    .text               main.o
    0x080008ac   0x080008ac   0x00000018   Code   RO          204    .text               stm32f10x_it.o
    0x080008c4   0x080008c4   0x000001e0   Code   RO          228    .text               system_stm32f10x.o
    0x08000aa4   0x08000aa4   0x00000194   Code   RO          254    .text               clock.o
    0x08000c38   0x08000c38   0x000006f4   Code   RO          314    .text               can.o
    0x0800132c   0x0800132c   0x000000bc   Code   RO          338    .text               io.o
    0x080013e8   0x080013e8   0x000001a4   Code   RO          358    .text               usart.o
    0x0800158c   0x0800158c   0x000004f4   Code   RO          400    .text               uart3.o
    0x08001a80   0x08001a80   0x00000384   Code   RO          434    .text               timer.o
    0x08001e04   0x08001e04   0x00000124   Code   RO          461    .text               lib_encoder.o
    0x08001f28   0x08001f28   0x000000ac   Code   RO          486    .text               encoder.o
    0x08001fd4   0x08001fd4   0x00000d28   Code   RO          512    .text               nav350.o
    0x08002cfc   0x08002cfc   0x000001c8   Code   RO          575    .text               lift.o
    0x08002ec4   0x08002ec4   0x00000ae8   Code   RO          597    .text               motor.o
    0x080039ac   0x080039ac   0x00000024   Code   RO          625    .text               startup_stm32f10x_md.o
    0x080039d0   0x080039d0   0x000009f0   Code   RO          631    .text               stm32f10x_can.o
    0x080043c0   0x080043c0   0x0000035c   Code   RO          671    .text               stm32f10x_gpio.o
    0x0800471c   0x0800471c   0x000003a4   Code   RO          714    .text               stm32f10x_rcc.o
    0x08004ac0   0x08004ac0   0x00000408   Code   RO          736    .text               stm32f10x_usart.o
    0x08004ec8   0x08004ec8   0x000000dc   Code   RO          756    .text               misc.o
    0x08004fa4   0x08004fa4   0x00000254   Code   RO          776    .text               stm32f10x_dma.o
    0x080051f8   0x080051f8   0x00000e1a   Code   RO          796    .text               stm32f10x_tim.o
    0x08006012   0x08006012   0x00000002   PAD
    0x08006014   0x08006014   0x000001b0   Code   RO          814    .text               usart_stm32f1xx.lib(usart.o)
    0x080061c4   0x080061c4   0x000000ec   Code   RO          875    .text               retarget_printf_stm32f1xx.lib(retarget_printf.o)
    0x080062b0   0x080062b0   0x000004a4   Code   RO          903    .text               IO_stm32f1xx.lib(lib_io.o)
    0x08006754   0x08006754   0x000001d0   Code   RO          956    .text               usart_stm32f1xx.lib(segger_rtt.o)
    0x08006924   0x08006924   0x00000024   Code   RO          998    .text               mc_w.l(memcpya.o)
    0x08006948   0x08006948   0x00000024   Code   RO         1000    .text               mc_w.l(memseta.o)
    0x0800696c   0x0800696c   0x00000024   Code   RO         1002    .text               mc_w.l(strstr.o)
    0x08006990   0x08006990   0x0000000e   Code   RO         1004    .text               mc_w.l(strlen.o)
    0x0800699e   0x0800699e   0x00000070   Code   RO         1269    .text               mc_w.l(strtol.o)
    0x08006a0e   0x08006a0e   0x00000072   Code   RO         1271    .text               mc_w.l(strtoul.o)
    0x08006a80   0x08006a80   0x000000b0   Code   RO         1273    .text               mf_w.l(fadd.o)
    0x08006b30   0x08006b30   0x00000064   Code   RO         1275    .text               mf_w.l(fmul.o)
    0x08006b94   0x08006b94   0x0000007c   Code   RO         1277    .text               mf_w.l(fdiv.o)
    0x08006c10   0x08006c10   0x000000e4   Code   RO         1279    .text               mf_w.l(dmul.o)
    0x08006cf4   0x08006cf4   0x000000de   Code   RO         1281    .text               mf_w.l(ddiv.o)
    0x08006dd2   0x08006dd2   0x00000012   Code   RO         1283    .text               mf_w.l(fflti.o)
    0x08006de4   0x08006de4   0x0000000a   Code   RO         1285    .text               mf_w.l(ffltui.o)
    0x08006dee   0x08006dee   0x00000022   Code   RO         1287    .text               mf_w.l(dflti.o)
    0x08006e10   0x08006e10   0x00000032   Code   RO         1289    .text               mf_w.l(ffixi.o)
    0x08006e42   0x08006e42   0x00000028   Code   RO         1291    .text               mf_w.l(ffixui.o)
    0x08006e6a   0x08006e6a   0x0000003e   Code   RO         1293    .text               mf_w.l(dfixi.o)
    0x08006ea8   0x08006ea8   0x00000030   Code   RO         1295    .text               mf_w.l(cdcmple.o)
    0x08006ed8   0x08006ed8   0x00000014   Code   RO         1297    .text               mf_w.l(cfcmple.o)
    0x08006eec   0x08006eec   0x00000014   Code   RO         1299    .text               mf_w.l(cfrcmple.o)
    0x08006f00   0x08006f00   0x0000002c   Code   RO         1335    .text               mc_w.l(uidiv.o)
    0x08006f2c   0x08006f2c   0x00000062   Code   RO         1337    .text               mc_w.l(uldiv.o)
    0x08006f8e   0x08006f8e   0x00000020   Code   RO         1339    .text               mc_w.l(llushr.o)
    0x08006fae   0x08006fae   0x00000002   PAD
    0x08006fb0   0x08006fb0   0x00000008   Code   RO         1341    .text               mc_w.l(ctype_o.o)
    0x08006fb8   0x08006fb8   0x0000009e   Code   RO         1376    .text               mc_w.l(_strtoul.o)
    0x08007056   0x08007056   0x00000000   Code   RO         1378    .text               mc_w.l(iusefp.o)
    0x08007056   0x08007056   0x0000006e   Code   RO         1379    .text               mf_w.l(fepilogue.o)
    0x080070c4   0x080070c4   0x0000003c   Code   RO         1381    .text               mf_w.l(frnd.o)
    0x08007100   0x08007100   0x000000ba   Code   RO         1383    .text               mf_w.l(depilogue.o)
    0x080071ba   0x080071ba   0x0000014e   Code   RO         1385    .text               mf_w.l(dadd.o)
    0x08007308   0x08007308   0x00000030   Code   RO         1387    .text               mf_w.l(dfixul.o)
    0x08007338   0x08007338   0x00000030   Code   RO         1389    .text               mf_w.l(cdrcmple.o)
    0x08007368   0x08007368   0x00000024   Code   RO         1391    .text               mc_w.l(init.o)
    0x0800738c   0x0800738c   0x0000001e   Code   RO         1393    .text               mc_w.l(llshl.o)
    0x080073aa   0x080073aa   0x00000024   Code   RO         1395    .text               mc_w.l(llsshr.o)
    0x080073ce   0x080073ce   0x0000001c   Code   RO         1397    .text               mc_w.l(_chval.o)
    0x080073ea   0x080073ea   0x00000018   Code   RO         1399    .text               mf_w.l(fscalb.o)
    0x08007402   0x08007402   0x00000056   Code   RO         1409    .text               mc_w.l(__dczerorl2.o)
    0x08007458   0x08007458   0x00000020   Code   RO         1141    i.__0printf$5       mc_w.l(printf5.o)
    0x08007478   0x08007478   0x00000028   Code   RO         1143    i.__0sprintf$5      mc_w.l(printf5.o)
    0x080074a0   0x080074a0   0x0000002c   Code   RO         1246    i.__0vsnprintf      mc_w.l(printfa.o)
    0x080074cc   0x080074cc   0x00000026   Code   RO         1301    i.__ARM_fpclassifyf  m_ws.l(fpclassifyf.o)
    0x080074f2   0x080074f2   0x00000002   PAD
    0x080074f4   0x080074f4   0x00000008   Code   RO         1369    i.__aeabi_errno_addr  mc_w.l(errno.o)
    0x080074fc   0x080074fc   0x00000006   Code   RO         1304    i.__mathlib_flt_infnan  m_ws.l(funder.o)
    0x08007502   0x08007502   0x00000008   Code   RO         1306    i.__mathlib_flt_invalid  m_ws.l(funder.o)
    0x0800750a   0x0800750a   0x0000000a   Code   RO         1309    i.__mathlib_flt_underflow  m_ws.l(funder.o)
    0x08007514   0x08007514   0x00000168   Code   RO         1317    i.__mathlib_rredf2  m_ws.l(rredf.o)
    0x0800767c   0x0800767c   0x0000000e   Code   RO         1403    i.__scatterload_copy  mc_w.l(handlers.o)
    0x0800768a   0x0800768a   0x00000002   Code   RO         1404    i.__scatterload_null  mc_w.l(handlers.o)
    0x0800768c   0x0800768c   0x0000000e   Code   RO         1405    i.__scatterload_zeroinit  mc_w.l(handlers.o)
    0x0800769a   0x0800769a   0x00000002   PAD
    0x0800769c   0x0800769c   0x0000000c   Code   RO         1371    i.__set_errno       mc_w.l(errno.o)
    0x080076a8   0x080076a8   0x00000184   Code   RO         1248    i._fp_digits        mc_w.l(printfa.o)
    0x0800782c   0x0800782c   0x000002c0   Code   RO         1148    i._printf_core      mc_w.l(printf5.o)
    0x08007aec   0x08007aec   0x000006dc   Code   RO         1249    i._printf_core      mc_w.l(printfa.o)
    0x080081c8   0x080081c8   0x00000024   Code   RO         1250    i._printf_post_padding  mc_w.l(printfa.o)
    0x080081ec   0x080081ec   0x0000002e   Code   RO         1251    i._printf_pre_padding  mc_w.l(printfa.o)
    0x0800821a   0x0800821a   0x00000016   Code   RO         1252    i._snputc           mc_w.l(printfa.o)
    0x08008230   0x08008230   0x0000000a   Code   RO         1150    i._sputc            mc_w.l(printf5.o)
    0x0800823a   0x0800823a   0x00000002   PAD
    0x0800823c   0x0800823c   0x0000017c   Code   RO          980    i.cosf              m_ws.l(cosf.o)
    0x080083b8   0x080083b8   0x00000188   Code   RO          988    i.sinf              m_ws.l(sinf.o)
    0x08008540   0x08008540   0x00000200   Data   RO            4    .constdata          crc.o
    0x08008740   0x08008740   0x0000003c   Data   RO          315    .constdata          can.o
    0x0800877c   0x0800877c   0x00000030   Data   RO          360    .constdata          usart.o
    0x080087ac   0x080087ac   0x00000020   Data   RO         1318    .constdata          m_ws.l(rredf.o)
    0x080087cc   0x080087cc   0x00000081   Data   RO         1342    .constdata          mc_w.l(ctype_o.o)
    0x0800884d   0x0800884d   0x00000003   PAD
    0x08008850   0x08008850   0x00000004   Data   RO         1343    .constdata          mc_w.l(ctype_o.o)
    0x08008854   0x08008854   0x00000009   Data   RO          959    .conststring        usart_stm32f1xx.lib(segger_rtt.o)
    0x0800885d   0x0800885d   0x00000003   PAD
    0x08008860   0x08008860   0x00000020   Data   RO         1401    Region$$Table       anon$$obj.o


    Execution Region RW_IRAM1 (Exec base: 0x20000000, Load base: 0x08008880, Size: 0x00001b30, Max: 0x00005000, ABSOLUTE, COMPRESSED[0x00000170])

    Exec Addr    Load Addr    Size         Type   Attr      Idx    E Section Name        Object

    0x20000000   COMPRESSED   0x0000002c   Data   RW           78    .data               encodernavigation.o
    0x2000002c   COMPRESSED   0x00000014   Data   RW          229    .data               system_stm32f10x.o
    0x20000040   COMPRESSED   0x00000044   Data   RW          316    .data               can.o
    0x20000084   COMPRESSED   0x0000000c   Data   RW          361    .data               usart.o
    0x20000090   COMPRESSED   0x00000010   Data   RW          402    .data               uart3.o
    0x200000a0   COMPRESSED   0x00000010   Data   RW          436    .data               timer.o
    0x200000b0   COMPRESSED   0x00000070   Data   RW          462    .data               lib_encoder.o
    0x20000120   COMPRESSED   0x00000010   Data   RW          487    .data               encoder.o
    0x20000130   COMPRESSED   0x000001c8   Data   RW          514    .data               nav350.o
    0x200002f8   COMPRESSED   0x00000008   Data   RW          576    .data               lift.o
    0x20000300   COMPRESSED   0x00000028   Data   RW          599    .data               motor.o
    0x20000328   COMPRESSED   0x00000014   Data   RW          715    .data               stm32f10x_rcc.o
    0x2000033c   COMPRESSED   0x00000006   Data   RW          815    .data               usart_stm32f1xx.lib(usart.o)
    0x20000342   COMPRESSED   0x00000002   PAD
    0x20000344   COMPRESSED   0x00000004   Data   RW          876    .data               retarget_printf_stm32f1xx.lib(retarget_printf.o)
    0x20000348   COMPRESSED   0x000000a5   Data   RW          905    .data               IO_stm32f1xx.lib(lib_io.o)
    0x200003ed   COMPRESSED   0x00000003   PAD
    0x200003f0   COMPRESSED   0x00000078   Data   RW          960    .data               usart_stm32f1xx.lib(segger_rtt.o)
    0x20000468   COMPRESSED   0x00000004   Data   RW         1334    .data               mc_w.l(stdout.o)
    0x2000046c   COMPRESSED   0x00000004   Data   RW         1372    .data               mc_w.l(errno.o)
    0x20000470        -       0x0000001c   Zero   RW           77    .bss                encodernavigation.o
    0x2000048c        -       0x00000014   Zero   RW          255    .bss                clock.o
    0x200004a0        -       0x0000012c   Zero   RW          359    .bss                usart.o
    0x200005cc        -       0x0000025c   Zero   RW          401    .bss                uart3.o
    0x20000828        -       0x000001b8   Zero   RW          435    .bss                timer.o
    0x200009e0        -       0x0000068b   Zero   RW          513    .bss                nav350.o
    0x2000106b   COMPRESSED   0x00000001   PAD
    0x2000106c        -       0x00000170   Zero   RW          598    .bss                motor.o
    0x200011dc        -       0x00000140   Zero   RW          904    .bss                IO_stm32f1xx.lib(lib_io.o)
    0x2000131c        -       0x00000400   Zero   RW          957    .bss                usart_stm32f1xx.lib(segger_rtt.o)
    0x2000171c        -       0x00000010   Zero   RW          958    .bss                usart_stm32f1xx.lib(segger_rtt.o)
    0x2000172c   COMPRESSED   0x00000004   PAD
    0x20001730        -       0x00000400   Zero   RW          622    STACK               startup_stm32f10x_md.o


==============================================================================

Image component sizes


      Code (inc. data)   RO Data    RW Data    ZI Data      Debug   Object Name

      1780        112         60         68          0       4376   can.o
       404         78          0          0         20      24312   clock.o
       124          4        512          0          0     272369   crc.o
       172         18          0         16          0       1469   encoder.o
      1696        110          0         44         28       7029   encodernavigation.o
       188         18          0          0          0        616   io.o
       292         10          0        112          0       2825   lib_encoder.o
       456         32          0          8          0       2167   lift.o
       144         26          0          0          0       3340   main.o
       220         22          0          0          0       2053   misc.o
      2792        210          0         40        368      10035   motor.o
      3368        566          0        456       1675      12930   nav350.o
        36          8        236          0       1024        880   startup_stm32f10x_md.o
      2544         38          0          0          0       8288   stm32f10x_can.o
       596          8          0          0          0       4618   stm32f10x_dma.o
       860         38          0          0          0       5985   stm32f10x_gpio.o
        24          0          0          0          0       1198   stm32f10x_it.o
       932         36          0         20          0       9260   stm32f10x_rcc.o
      3610         88          0          0          0      23100   stm32f10x_tim.o
      1032         22          0          0          0       8712   stm32f10x_usart.o
       480         38          0         20          0       2075   system_stm32f10x.o
       900         32          0         16        440       5153   timer.o
      1268         60          0         16        604       4982   uart3.o
       420         38         48         12        300       4593   usart.o

    ----------------------------------------------------------------------
     24340       1612        888        828       4460     422365   Object Totals
         0          0         32          0          0          0   (incl. Generated)
         2          0          0          0          1          0   (incl. Padding)

    ----------------------------------------------------------------------

      Code (inc. data)   RO Data    RW Data    ZI Data      Debug   Library Member Name

      1188         52          0        165        320     215786   lib_io.o
       380         52          0          0          0        124   cosf.o
        38          0          0          0          0         68   fpclassifyf.o
        24          0          0          0          0        204   funder.o
       360         16         32          0          0         88   rredf.o
       392         54          0          0          0        124   sinf.o
        86          0          0          0          0          0   __dczerorl2.o
        28          0          0          0          0         68   _chval.o
       158          0          0          0          0         92   _strtoul.o
         8          4        133          0          0         68   ctype_o.o
         0          0          0          0          0          0   entry.o
         0          0          0          0          0          0   entry10a.o
         0          0          0          0          0          0   entry11a.o
         8          4          0          0          0          0   entry2.o
         4          0          0          0          0          0   entry5.o
         0          0          0          0          0          0   entry7b.o
         0          0          0          0          0          0   entry8b.o
         8          4          0          0          0          0   entry9a.o
        20         10          0          4          0        136   errno.o
        30          0          0          0          0          0   handlers.o
        36          8          0          0          0         68   init.o
         0          0          0          0          0          0   iusefp.o
        30          0          0          0          0         68   llshl.o
        36          0          0          0          0         68   llsshr.o
        32          0          0          0          0         68   llushr.o
        36          0          0          0          0         68   memcpya.o
        36          0          0          0          0        108   memseta.o
       786         62          0          0          0        336   printf5.o
      2292         84          0          0          0        516   printfa.o
         0          0          0          4          0          0   stdout.o
        14          0          0          0          0         68   strlen.o
        36          0          0          0          0         80   strstr.o
       112          0          0          0          0         88   strtol.o
       114          0          0          0          0         92   strtoul.o
        44          0          0          0          0         80   uidiv.o
        98          0          0          0          0         92   uldiv.o
        48          0          0          0          0         68   cdcmple.o
        48          0          0          0          0         68   cdrcmple.o
        20          0          0          0          0         68   cfcmple.o
        20          0          0          0          0         68   cfrcmple.o
       334          0          0          0          0        148   dadd.o
       222          0          0          0          0        100   ddiv.o
       186          0          0          0          0        176   depilogue.o
        62          0          0          0          0         80   dfixi.o
        48          0          0          0          0         68   dfixul.o
        34          0          0          0          0         76   dflti.o
       228          0          0          0          0         96   dmul.o
       176          0          0          0          0        140   fadd.o
       124          0          0          0          0         88   fdiv.o
       110          0          0          0          0        168   fepilogue.o
        50          0          0          0          0         68   ffixi.o
        40          0          0          0          0         68   ffixui.o
        18          0          0          0          0         68   fflti.o
        10          0          0          0          0         68   ffltui.o
       100          0          0          0          0         76   fmul.o
        60          0          0          0          0         76   frnd.o
        24          0          0          0          0         68   fscalb.o
       236         30          0          4          0       2928   retarget_printf.o
       464          6          9        120       1040       4675   segger_rtt.o
       432         40          0          6          0     224585   usart.o

    ----------------------------------------------------------------------
      9536        426        180        308       1364     452650   Library Totals
         8          0          6          5          4          0   (incl. Padding)

    ----------------------------------------------------------------------

      Code (inc. data)   RO Data    RW Data    ZI Data      Debug   Library Name

      1188         52          0        165        320     215786   IO_stm32f1xx.lib
      1194        122         32          0          0        608   m_ws.l
      4052        176        133          8          0       2164   mc_w.l
      1962          0          0          0          0       1904   mf_w.l
       236         30          0          4          0       2928   retarget_printf_stm32f1xx.lib
       896         46          9        126       1040     229260   usart_stm32f1xx.lib

    ----------------------------------------------------------------------
      9536        426        180        308       1364     452650   Library Totals

    ----------------------------------------------------------------------

==============================================================================


      Code (inc. data)   RO Data    RW Data    ZI Data      Debug   

     33876       2038       1068       1136       5824     869995   Grand Totals
     33876       2038       1068        368       5824     869995   ELF Image Totals (compressed)
     33876       2038       1068        368          0          0   ROM Totals

==============================================================================

    Total RO  Size (Code + RO Data)                34944 (  34.13kB)
    Total RW  Size (RW Data + ZI Data)              6960 (   6.80kB)
    Total ROM Size (Code + RO Data + RW Data)      35312 (  34.48kB)

==============================================================================

